// Jest Snapshot v1, https://goo.gl/fbAQLP

exports[`PropertyCard renders correctly 1`] = `
<DocumentFragment>
  <div
    class="property-card"
  >
    <img
      alt="property"
      class="photo"
    />
    <div
      class="property-info"
    >
      <div
        class="property-info-inner"
      >
        <div
          class="frame-106"
        >
          <div
            class="property-type"
          >
            flat
          </div>
          <div
            class="seperator"
          >
             • 
          </div>
          <div
            class="account-type"
          >
            Landlord
          </div>
        </div>
        <div
          class="address-header"
        >
          12 Darley Road
        </div>
        <div
          class="beds-baths"
        >
          <div
            class="beds"
          >
            <div
              class="bed-4-1"
            >
              <div
                class="beds-icon-container"
              >
                <div
                  class="beds-icon"
                >
                  <svg>
                    bed-icon.svg
                  </svg>
                </div>
              </div>
            </div>
            <div
              class="beds-text"
            >
              2 bed
            </div>
          </div>
          <div
            class="baths"
          >
            <div
              class="shower-icon-container"
            >
              <div
                class="shower-icon"
              >
                <svg>
                  bath-icon.svg
                </svg>
              </div>
            </div>
            <div
              class="baths-text"
            >
              1 bath
            </div>
          </div>
        </div>
      </div>
      <div
        class="info"
      >
        <div
          class="tenancy-agreement"
        >
          <div
            class="profile"
          >
            <svg>
              tenancy-agreement-icon.svg
            </svg>
          </div>
          <div
            class="tenancy-agreement-text"
          >
            Suitable for groups
          </div>
        </div>
        <div
          class="address"
        >
          <div
            class="location"
          >
            <svg>
              distance-from-icon.svg
            </svg>
          </div>
          <div
            class="location-text"
          >
            10 mins walk to University
          </div>
        </div>
        <div
          class="available-from"
        >
          <div
            class="calender"
          >
            <svg>
              available-from-icon.svg
            </svg>
          </div>
          <div
            class="available-from-text"
          >
            Available from 12 December
          </div>
        </div>
      </div>
    </div>
    <div
      class="heart"
    >
      <svg>
        favourite-icon.svg
      </svg>
    </div>
    <div
      class="price"
    >
      <div
        class="price-inner"
      >
        <div
          class="price-text"
        >
          FROM
        </div>
        <div
          class="price-value"
        >
          <div
            class="price-ppw"
          >
            £100
          </div>
           pp/pw
        </div>
      </div>
      <div
        class="bills"
      >
        <div
          class="bills-inner"
        >
           bills included
        </div>
      </div>
    </div>
  </div>
</DocumentFragment>
`;
